2026-01-10T12:24:34.911Z - Protect: Verifying token for user ID: 69622f60c372f88aff16aa04
2026-01-10T12:24:34.994Z - Protect: Verifying token for user ID: 69622f60c372f88aff16aa04
2026-01-10T12:24:35.023Z - Protect: Verifying token for user ID: 69622f60c372f88aff16aa04
2026-01-10T12:24:35.237Z - Protect: Verifying token for user ID: 69622f60c372f88aff16aa04
2026-01-10T12:24:35.329Z - Protect: Verifying token for user ID: 69622f60c372f88aff16aa04
2026-01-10T12:24:35.347Z - Protect: Verifying token for user ID: 69622f60c372f88aff16aa04
2026-01-10T12:24:44.011Z - Protect: Verifying token for user ID: 69622f60c372f88aff16aa04
2026-01-10T12:24:44.211Z - Protect: Verifying token for user ID: 69622f60c372f88aff16aa04
2026-01-10T12:24:44.233Z - Protect: Verifying token for user ID: 69622f60c372f88aff16aa04
